../Drivers/CMSIS/Include/core_cm4.h:2064:26:ITM_SendChar	16	static,ignoring_inline_asm
../Core/Src/main.c:88:5:_write	32	static
../Core/Src/main.c:97:6:hexprint	32	static
../Core/Src/main.c:108:6:toggle_led	16	static
../Core/Src/main.c:113:6:print_hal_status	16	static
../Core/Src/main.c:132:6:init	16	static
../Core/Src/main.c:164:6:loop	16	static
../Core/Src/main.c:194:5:main	8	static
../Core/Src/main.c:252:6:SystemClock_Config	88	static
../Core/Src/main.c:297:6:PeriphCommonClock_Config	32	static
../Core/Src/main.c:318:13:MX_I2C1_Init	8	static
../Core/Src/main.c:352:13:MX_I2S2_Init	8	static
../Core/Src/main.c:386:13:MX_I2S3_Init	8	static
../Core/Src/main.c:420:13:MX_SPI1_Init	8	static
../Core/Src/main.c:458:13:MX_USB_OTG_FS_USB_Init	4	static
../Core/Src/main.c:479:13:MX_GPIO_Init	56	static
../Core/Src/main.c:572:6:Error_Handler	8	static,ignoring_inline_asm
