../Drivers/CMSIS/Include/core_cm4.h:2064:26:ITM_SendChar	16	static,ignoring_inline_asm
../Core/Src/main.c:80:5:_write	32	static
../Core/Src/main.c:89:6:my_init	8	static
../Core/Src/main.c:95:6:toggle_led	16	static
../Core/Src/main.c:106:5:main	8	static
../Core/Src/main.c:160:6:SystemClock_Config	88	static
../Core/Src/main.c:205:6:PeriphCommonClock_Config	32	static
../Core/Src/main.c:226:13:MX_I2C1_Init	8	static
../Core/Src/main.c:260:13:MX_I2S2_Init	8	static
../Core/Src/main.c:294:13:MX_I2S3_Init	8	static
../Core/Src/main.c:328:13:MX_SPI1_Init	8	static
../Core/Src/main.c:366:13:MX_USB_OTG_FS_USB_Init	4	static
../Core/Src/main.c:387:13:MX_GPIO_Init	56	static
../Core/Src/main.c:474:6:Error_Handler	8	static,ignoring_inline_asm
