../Drivers/CMSIS/Include/core_cm4.h:2064:26:ITM_SendChar	16	static,ignoring_inline_asm
../Core/Src/main.c:87:5:_write	32	static
../Core/Src/main.c:96:6:print_hex	24	static
../Core/Src/main.c:106:6:toggle_led	16	static
../Core/Src/main.c:111:6:set_led	16	static
../Core/Src/main.c:116:6:reset_led	16	static
../Core/Src/main.c:121:6:print_hal	16	static
../Core/Src/main.c:140:19:i2c1_write	40	static
../Core/Src/main.c:152:19:i2c1_read	40	static
../Core/Src/main.c:170:9:convert_accel	32	static
../Core/Src/main.c:180:6:print_accel	24	static
../Core/Src/main.c:187:6:my_init	16	static
../Core/Src/main.c:210:6:loop	40	static
../Core/Src/main.c:237:5:main	16	static
../Core/Src/main.c:302:6:SystemClock_Config	88	static
../Core/Src/main.c:347:6:PeriphCommonClock_Config	32	static
../Core/Src/main.c:368:13:MX_I2C1_Init	8	static
../Core/Src/main.c:402:13:MX_I2S2_Init	8	static
../Core/Src/main.c:436:13:MX_I2S3_Init	8	static
../Core/Src/main.c:470:13:MX_SPI1_Init	8	static
../Core/Src/main.c:508:13:MX_USB_OTG_FS_USB_Init	4	static
../Core/Src/main.c:529:13:MX_GPIO_Init	56	static
../Core/Src/main.c:622:6:Error_Handler	8	static,ignoring_inline_asm
